Archive member included because of file (symbol)

c:/stm32toolchain/gnu-arm/4.8-2014q3/bin/../lib/gcc/arm-none-eabi/4.8.4/armv7-m\libgcc.a(unwind-arm.o)
                              ./system/src/newlib/_cxx.o (__aeabi_unwind_cpp_pr1)
c:/stm32toolchain/gnu-arm/4.8-2014q3/bin/../lib/gcc/arm-none-eabi/4.8.4/armv7-m\libgcc.a(libunwind.o)
                              c:/stm32toolchain/gnu-arm/4.8-2014q3/bin/../lib/gcc/arm-none-eabi/4.8.4/armv7-m\libgcc.a(unwind-arm.o) (restore_core_regs)
c:/stm32toolchain/gnu-arm/4.8-2014q3/bin/../lib/gcc/arm-none-eabi/4.8.4/armv7-m\libgcc.a(pr-support.o)
                              c:/stm32toolchain/gnu-arm/4.8-2014q3/bin/../lib/gcc/arm-none-eabi/4.8.4/armv7-m\libgcc.a(unwind-arm.o) (__gnu_unwind_execute)
c:/stm32toolchain/gnu-arm/4.8-2014q3/bin/../lib/gcc/arm-none-eabi/4.8.4/../../../../arm-none-eabi/lib/armv7-m\libg_s.a(lib_a-errno.o)
                              ./system/src/newlib/_sbrk.o (__errno)
c:/stm32toolchain/gnu-arm/4.8-2014q3/bin/../lib/gcc/arm-none-eabi/4.8.4/../../../../arm-none-eabi/lib/armv7-m\libg_s.a(lib_a-impure.o)
                              c:/stm32toolchain/gnu-arm/4.8-2014q3/bin/../lib/gcc/arm-none-eabi/4.8.4/../../../../arm-none-eabi/lib/armv7-m\libg_s.a(lib_a-errno.o) (_impure_ptr)
c:/stm32toolchain/gnu-arm/4.8-2014q3/bin/../lib/gcc/arm-none-eabi/4.8.4/../../../../arm-none-eabi/lib/armv7-m\libg_s.a(lib_a-init.o)
                              ./system/src/cmsis/startup_stm32f103xb.o (__libc_init_array)
c:/stm32toolchain/gnu-arm/4.8-2014q3/bin/../lib/gcc/arm-none-eabi/4.8.4/../../../../arm-none-eabi/lib/armv7-m\libg_s.a(lib_a-memcpy-stub.o)
                              c:/stm32toolchain/gnu-arm/4.8-2014q3/bin/../lib/gcc/arm-none-eabi/4.8.4/armv7-m\libgcc.a(unwind-arm.o) (memcpy)
c:/stm32toolchain/gnu-arm/4.8-2014q3/bin/../lib/gcc/arm-none-eabi/4.8.4/../../../../arm-none-eabi/lib/armv7-m\libg_s.a(lib_a-strlen.o)
                              ./system/src/diag/Trace.o (strlen)
c:/stm32toolchain/gnu-arm/4.8-2014q3/bin/../lib/gcc/arm-none-eabi/4.8.4/../../../../arm-none-eabi/lib/armv7-m\libg_s.a(lib_a-vsnprintf.o)
                              ./system/src/diag/Trace.o (vsnprintf)
c:/stm32toolchain/gnu-arm/4.8-2014q3/bin/../lib/gcc/arm-none-eabi/4.8.4/../../../../arm-none-eabi/lib/armv7-m\libg_s.a(lib_a-svfprintf.o)
                              c:/stm32toolchain/gnu-arm/4.8-2014q3/bin/../lib/gcc/arm-none-eabi/4.8.4/../../../../arm-none-eabi/lib/armv7-m\libg_s.a(lib_a-vsnprintf.o) (_svfprintf_r)
c:/stm32toolchain/gnu-arm/4.8-2014q3/bin/../lib/gcc/arm-none-eabi/4.8.4/../../../../arm-none-eabi/lib/armv7-m\libg_s.a(lib_a-vfprintf_i.o)
                              c:/stm32toolchain/gnu-arm/4.8-2014q3/bin/../lib/gcc/arm-none-eabi/4.8.4/../../../../arm-none-eabi/lib/armv7-m\libg_s.a(lib_a-svfprintf.o) (_printf_i)
c:/stm32toolchain/gnu-arm/4.8-2014q3/bin/../lib/gcc/arm-none-eabi/4.8.4/../../../../arm-none-eabi/lib/armv7-m\libg_s.a(lib_a-memchr-stub.o)
                              c:/stm32toolchain/gnu-arm/4.8-2014q3/bin/../lib/gcc/arm-none-eabi/4.8.4/../../../../arm-none-eabi/lib/armv7-m\libg_s.a(lib_a-svfprintf.o) (memchr)
c:/stm32toolchain/gnu-arm/4.8-2014q3/bin/../lib/gcc/arm-none-eabi/4.8.4/../../../../arm-none-eabi/lib/armv7-m\libg_s.a(lib_a-memmove.o)
                              c:/stm32toolchain/gnu-arm/4.8-2014q3/bin/../lib/gcc/arm-none-eabi/4.8.4/../../../../arm-none-eabi/lib/armv7-m\libg_s.a(lib_a-svfprintf.o) (memmove)
c:/stm32toolchain/gnu-arm/4.8-2014q3/bin/../lib/gcc/arm-none-eabi/4.8.4/../../../../arm-none-eabi/lib/armv7-m\libg_s.a(lib_a-nano-freer.o)
                              c:/stm32toolchain/gnu-arm/4.8-2014q3/bin/../lib/gcc/arm-none-eabi/4.8.4/../../../../arm-none-eabi/lib/armv7-m\libg_s.a(lib_a-svfprintf.o) (_free_r)
c:/stm32toolchain/gnu-arm/4.8-2014q3/bin/../lib/gcc/arm-none-eabi/4.8.4/../../../../arm-none-eabi/lib/armv7-m\libg_s.a(lib_a-nano-mallocr.o)
                              c:/stm32toolchain/gnu-arm/4.8-2014q3/bin/../lib/gcc/arm-none-eabi/4.8.4/../../../../arm-none-eabi/lib/armv7-m\libg_s.a(lib_a-svfprintf.o) (_malloc_r)
c:/stm32toolchain/gnu-arm/4.8-2014q3/bin/../lib/gcc/arm-none-eabi/4.8.4/../../../../arm-none-eabi/lib/armv7-m\libg_s.a(lib_a-nano-reallocr.o)
                              c:/stm32toolchain/gnu-arm/4.8-2014q3/bin/../lib/gcc/arm-none-eabi/4.8.4/../../../../arm-none-eabi/lib/armv7-m\libg_s.a(lib_a-svfprintf.o) (_realloc_r)
c:/stm32toolchain/gnu-arm/4.8-2014q3/bin/../lib/gcc/arm-none-eabi/4.8.4/../../../../arm-none-eabi/lib/armv7-m\libg_s.a(lib_a-sbrkr.o)
                              c:/stm32toolchain/gnu-arm/4.8-2014q3/bin/../lib/gcc/arm-none-eabi/4.8.4/../../../../arm-none-eabi/lib/armv7-m\libg_s.a(lib_a-nano-mallocr.o) (_sbrk_r)
c:/stm32toolchain/gnu-arm/4.8-2014q3/bin/../lib/gcc/arm-none-eabi/4.8.4/../../../../arm-none-eabi/lib/armv7-m\libg_s.a(lib_a-nano-msizer.o)
[...]
Memory Configuration

Name             Origin             Length             Attributes
FLASH            0x08000000         0x00020000         xr
RAM              0x20000000         0x00005000         xrw
CCMRAM           0x10000000         0x00000000         xrw
FLASHB1          0x00000000         0x00000000         xr
EXTMEMB0         0x00000000         0x00000000         xr
EXTMEMB1         0x00000000         0x00000000         xr
EXTMEMB2         0x00000000         0x00000000         xr
EXTMEMB3         0x00000000         0x00000000         xr
*default*        0x00000000         0xffffffff

Linker script and memory map

LOAD ./system/src/stm32f1xx/stm32f1xx_hal.o
LOAD ./system/src/stm32f1xx/stm32f1xx_hal_can.o
LOAD ./system/src/stm32f1xx/stm32f1xx_hal_cortex.o
LOAD ./system/src/stm32f1xx/stm32f1xx_hal_dma.o
LOAD ./system/src/stm32f1xx/stm32f1xx_hal_flash.o
LOAD ./system/src/stm32f1xx/stm32f1xx_hal_flash_ex.o
LOAD ./system/src/stm32f1xx/stm32f1xx_hal_gpio.o
LOAD ./system/src/stm32f1xx/stm32f1xx_hal_gpio_ex.o
LOAD ./system/src/stm32f1xx/stm32f1xx_hal_pwr.o
LOAD ./system/src/stm32f1xx/stm32f1xx_hal_rcc.o
LOAD ./system/src/stm32f1xx/stm32f1xx_hal_rcc_ex.o
LOAD ./system/src/stm32f1xx/stm32f1xx_hal_tim.o
LOAD ./system/src/stm32f1xx/stm32f1xx_hal_tim_ex.o
LOAD ./system/src/stm32f1xx/stm32f1xx_hal_uart.o
LOAD ./system/src/newlib/_cxx.o
LOAD ./system/src/newlib/_exit.o
LOAD ./system/src/newlib/_sbrk.o
LOAD ./system/src/newlib/_startup.o
LOAD ./system/src/newlib/_syscalls.o
LOAD ./system/src/newlib/assert.o
LOAD ./system/src/diag/Trace.o
LOAD ./system/src/diag/trace_impl.o
LOAD ./system/src/cortexm/_initialize_hardware.o
LOAD ./system/src/cortexm/_reset_hardware.o
LOAD ./system/src/cortexm/exception_handlers.o
LOAD ./system/src/cmsis/startup_stm32f103xb.o
LOAD ./system/src/cmsis/system_stm32f1xx.o
LOAD ./src/main.o
LOAD ./src/stm32f1xx_hal_msp.o
LOAD ./src/stm32f1xx_it.o
LOAD c:/stm32toolchain/gnu-arm/4.8-2014q3/bin/../lib/gcc/arm-none-eabi/4.8.4/../../../../arm-none-eabi/lib/armv7-m\libstdc++_s.a
LOAD c:/stm32toolchain/gnu-arm/4.8-2014q3/bin/../lib/gcc/arm-none-eabi/4.8.4/../../../../arm-none-eabi/lib/armv7-m\libm.a
START GROUP
LOAD c:/stm32toolchain/gnu-arm/4.8-2014q3/bin/../lib/gcc/arm-none-eabi/4.8.4/armv7-m\libgcc.a
LOAD c:/stm32toolchain/gnu-arm/4.8-2014q3/bin/../lib/gcc/arm-none-eabi/4.8.4/../../../../arm-none-eabi/lib/armv7-m\libg_s.a
LOAD c:/stm32toolchain/gnu-arm/4.8-2014q3/bin/../lib/gcc/arm-none-eabi/4.8.4/../../../../arm-none-eabi/lib/armv7-m\libc_s.a
END GROUP
START GROUP
LOAD c:/stm32toolchain/gnu-arm/4.8-2014q3/bin/../lib/gcc/arm-none-eabi/4.8.4/armv7-m\libgcc.a
LOAD c:/stm32toolchain/gnu-arm/4.8-2014q3/bin/../lib/gcc/arm-none-eabi/4.8.4/../../../../arm-none-eabi/lib/armv7-m\libc_s.a
END GROUP
                0x20005000                __stack = (ORIGIN (RAM) + 0x5000)
                0x20005000                _estack = __stack
                0x00000400                __Main_Stack_Size = 0x400
                0x00000400                PROVIDE (_Main_Stack_Size, __Main_Stack_Size)
                0x20004c00                __Main_Stack_Limit = (__stack - __Main_Stack_Size)
                0x20004c00                PROVIDE (_Main_Stack_Limit, __Main_Stack_Limit)
                0x00000100                _Minimum_Stack_Size = 0x100
                0x20000218                PROVIDE (_Heap_Begin, _end_noinit)
                0x20004c00                PROVIDE (_Heap_Limit, (__stack - __Main_Stack_Size))

.isr_vector     0x08000000      0x324
 FILL mask 0xff
                0x08000000                __vectors_start = ABSOLUTE (.)
                0x08000000                __vectors_start__ = ABSOLUTE (.)
 *(.isr_vector)
 .isr_vector    0x08000000      0x10c ./system/src/cmsis/startup_stm32f103xb.o
                0x08000000                g_pfnVectors
 *(.cfmconfig)
 *(.after_vectors .after_vectors.*)
 .after_vectors
                0x0800010c      0x114 ./system/src/newlib/_startup.o
                0x0800010c                _start
 .after_vectors
                0x08000220      0x104 ./system/src/cortexm/exception_handlers.o
                0x08000220                Reset_Handler
                0x08000228                NMI_Handler
                0x0800022c                HardFault_Handler
                0x08000240                HardFault_Handler_C
                0x08000274                MemManage_Handler
                0x08000278                BusFault_Handler
                0x0800028c                BusFault_Handler_C
                0x080002c0                UsageFault_Handler
                0x080002d4                UsageFault_Handler_C
                0x08000308                SVC_Handler
                0x0800030c                DebugMon_Handler
                0x08000310                PendSV_Handler

.inits          0x08000324       0x28
                0x08000324                __data_regions_array_start = .
                0x08000324        0x4 LONG 0x80027e4 LOADADDR (.data)
                0x08000328        0x4 LONG 0x20000000 ADDR (.data)
                0x0800032c        0x4 LONG 0x20000078 (ADDR (.data) + SIZEOF (.data))
                0x08000330        0x4 LONG 0x80027e4 LOADADDR (.data_CCMRAM)
                0x08000334        0x4 LONG 0x10000000 ADDR (.data_CCMRAM)
                0x08000338        0x4 LONG 0x10000000 (ADDR (.data_CCMRAM) + SIZEOF (.data_CCMRAM))
                0x0800033c                __data_regions_array_end = .
                0x0800033c                __bss_regions_array_start = .
                0x0800033c        0x4 LONG 0x20000078 ADDR (.bss)
                0x08000340        0x4 LONG 0x20000218 (ADDR (.bss) + SIZEOF (.bss))
                0x08000344        0x4 LONG 0x10000000 ADDR (.bss_CCMRAM)
                0x08000348        0x4 LONG 0x10000000 (ADDR (.bss_CCMRAM) + SIZEOF (.bss_CCMRAM))
                0x0800034c                __bss_regions_array_end = .
 *(.init)
 *(.fini)
                0x0800034c                . = ALIGN (0x4)
                0x0800034c                PROVIDE (__preinit_array_start, .)
 *(.preinit_array_sysinit .preinit_array_sysinit.*)
 *(.preinit_array_platform .preinit_array_platform.*)
 *(.preinit_array .preinit_array.*)
                0x0800034c                PROVIDE (__preinit_array_end, .)
                0x0800034c                . = ALIGN (0x4)
                0x0800034c                PROVIDE (__init_array_start, .)
 *(SORT(.init_array.*))
 *(.init_array)
                0x0800034c                PROVIDE (__init_array_end, .)
                0x0800034c                . = ALIGN (0x4)
                0x0800034c                PROVIDE (__fini_array_start, .)
 *(SORT(.fini_array.*))
 *(.fini_array)
                0x0800034c                PROVIDE (__fini_array_end, .)

.flashtext
 *(.flashtext .flashtext.*)

.text           0x0800034c     0x2495
 *(.text .text.*)
 .text.HAL_InitTick
                0x0800034c       0x28 ./system/src/stm32f1xx/stm32f1xx_hal.o
                0x0800034c                HAL_InitTick
 .text.HAL_Init
                0x08000374       0x24 ./system/src/stm32f1xx/stm32f1xx_hal.o
                0x08000374                HAL_Init
 .text.HAL_IncTick
                0x08000398       0x10 ./system/src/stm32f1xx/stm32f1xx_hal.o
                0x08000398                HAL_IncTick
 .text.HAL_GetTick
                0x080003a8        0xc ./system/src/stm32f1xx/stm32f1xx_hal.o
                0x080003a8                HAL_GetTick
 .text.HAL_Delay
                0x080003b4       0x1c ./system/src/stm32f1xx/stm32f1xx_hal.o
                0x080003b4                HAL_Delay
 .text.HAL_CAN_Init
                0x080003d0      0x130 ./system/src/stm32f1xx/stm32f1xx_hal_can.o
                0x080003d0                HAL_CAN_Init
 .text.HAL_CAN_Transmit
                0x08000500      0x1c4 ./system/src/stm32f1xx/stm32f1xx_hal_can.o
                0x08000500                HAL_CAN_Transmit
 .text.HAL_NVIC_SetPriorityGrouping
                0x080006c4       0x24 ./system/src/stm32f1xx/stm32f1xx_hal_cortex.o
                0x080006c4                HAL_NVIC_SetPriorityGrouping
 .text.HAL_NVIC_SetPriority
                0x080006e8       0x64 ./system/src/stm32f1xx/stm32f1xx_hal_cortex.o
                0x080006e8                HAL_NVIC_SetPriority
 .text.HAL_NVIC_EnableIRQ
                0x0800074c       0x18 ./system/src/stm32f1xx/stm32f1xx_hal_cortex.o
                0x0800074c                HAL_NVIC_EnableIRQ
 .text.HAL_SYSTICK_Config
                0x08000764       0x2c ./system/src/stm32f1xx/stm32f1xx_hal_cortex.o
                0x08000764                HAL_SYSTICK_Config
 .text.HAL_SYSTICK_CLKSourceConfig
                0x08000790       0x20 ./system/src/stm32f1xx/stm32f1xx_hal_cortex.o
                0x08000790                HAL_SYSTICK_CLKSourceConfig
 .text.HAL_SYSTICK_Callback
                0x080007b0        0x4 ./system/src/stm32f1xx/stm32f1xx_hal_cortex.o
                0x080007b0                HAL_SYSTICK_Callback
 .text.HAL_SYSTICK_IRQHandler
                0x080007b4        0x8 ./system/src/stm32f1xx/stm32f1xx_hal_cortex.o
                0x080007b4                HAL_SYSTICK_IRQHandler
 .text.HAL_GPIO_Init
                0x080007bc      0x1e0 ./system/src/stm32f1xx/stm32f1xx_hal_gpio.o
                0x080007bc                HAL_GPIO_Init
 .text.HAL_GPIO_WritePin
                0x0800099c        0xc ./system/src/stm32f1xx/stm32f1xx_hal_gpio.o
                0x0800099c                HAL_GPIO_WritePin
 .text.HAL_GPIO_EXTI_Callback
                0x080009a8        0x4 ./system/src/stm32f1xx/stm32f1xx_hal_gpio.o
                0x080009a8                HAL_GPIO_EXTI_Callback
 .text.HAL_GPIO_EXTI_IRQHandler
                0x080009ac       0x18 ./system/src/stm32f1xx/stm32f1xx_hal_gpio.o
                0x080009ac                HAL_GPIO_EXTI_IRQHandler
 .text.HAL_RCC_OscConfig
                0x080009c4      0x5f8 ./system/src/stm32f1xx/stm32f1xx_hal_rcc.o
                0x080009c4                HAL_RCC_OscConfig
 .text.HAL_RCC_GetSysClockFreq
                0x08000fbc       0x94 ./system/src/stm32f1xx/stm32f1xx_hal_rcc.o
                0x08000fbc                HAL_RCC_GetSysClockFreq
 .text.HAL_RCC_ClockConfig
                0x08001050      0x1e4 ./system/src/stm32f1xx/stm32f1xx_hal_rcc.o
                0x08001050                HAL_RCC_ClockConfig
 .text.HAL_RCC_GetHCLKFreq
                0x08001234        0xc ./system/src/stm32f1xx/stm32f1xx_hal_rcc.o
                0x08001234                HAL_RCC_GetHCLKFreq
 .text.HAL_RCC_GetPCLK1Freq
                0x08001240       0x30 ./system/src/stm32f1xx/stm32f1xx_hal_rcc.o
                0x08001240                HAL_RCC_GetPCLK1Freq
 .text.HAL_RCC_GetPCLK2Freq
                0x08001270       0x30 ./system/src/stm32f1xx/stm32f1xx_hal_rcc.o
                0x08001270                HAL_RCC_GetPCLK2Freq
 .text.UART_SetConfig
                0x080012a0      0x1b4 ./system/src/stm32f1xx/stm32f1xx_hal_uart.o
 .text.UART_WaitOnFlagUntilTimeout
                0x08001454       0xd4 ./system/src/stm32f1xx/stm32f1xx_hal_uart.o
 .text.HAL_UART_Init
                0x08001528       0x60 ./system/src/stm32f1xx/stm32f1xx_hal_uart.o
                0x08001528                HAL_UART_Init
 .text.HAL_UART_Transmit
                0x08001588       0xe8 ./system/src/stm32f1xx/stm32f1xx_hal_uart.o
                0x08001588                HAL_UART_Transmit
 .text._exit    0x08001670        0x4 ./system/src/newlib/_exit.o
                0x08001670                _exit
 .text._sbrk    0x08001674       0x44 ./system/src/newlib/_sbrk.o
                0x08001674                _sbrk
 .text.__initialize_args
                0x080016b8       0x10 ./system/src/newlib/_syscalls.o
                0x080016b8                __initialize_args
 .text.trace_printf
                0x080016c8       0x34 ./system/src/diag/Trace.o
                0x080016c8                trace_printf
 .text.trace_write
                0x080016fc        0x8 ./system/src/diag/trace_impl.o
                0x080016fc                trace_write
 .text.__initialize_hardware_early
                0x08001704       0x18 ./system/src/cortexm/_initialize_hardware.o
                0x08001704                __initialize_hardware_early
 .text.__initialize_hardware
                0x0800171c        0x8 ./system/src/cortexm/_initialize_hardware.o
                0x0800171c                __initialize_hardware
 .text.dumpExceptionStack
                0x08001724       0xf0 ./system/src/cortexm/exception_handlers.o
                0x08001724                dumpExceptionStack
 .text.Default_Handler
                0x08001814        0x4 ./system/src/cmsis/startup_stm32f103xb.o
                0x08001814                RTC_Alarm_IRQHandler
                0x08001814                EXTI2_IRQHandler
                0x08001814                TIM1_CC_IRQHandler
                0x08001814                PVD_IRQHandler
                0x08001814                EXTI3_IRQHandler
                0x08001814                EXTI0_IRQHandler
                0x08001814                I2C2_EV_IRQHandler
                0x08001814                ADC1_2_IRQHandler
                0x08001814                SPI1_IRQHandler
                0x08001814                TAMPER_IRQHandler
                0x08001814                DMA1_Channel4_IRQHandler
                0x08001814                USART3_IRQHandler
                0x08001814                RTC_IRQHandler
                0x08001814                DMA1_Channel7_IRQHandler
                0x08001814                CAN1_RX1_IRQHandler
                0x08001814                TIM4_IRQHandler
                0x08001814                I2C1_EV_IRQHandler
                0x08001814                DMA1_Channel6_IRQHandler
                0x08001814                TIM3_IRQHandler
                0x08001814                RCC_IRQHandler
                0x08001814                TIM1_TRG_COM_IRQHandler
                0x08001814                DMA1_Channel1_IRQHandler
                0x08001814                Default_Handler
                0x08001814                EXTI9_5_IRQHandler
                0x08001814                SPI2_IRQHandler
                0x08001814                DMA1_Channel5_IRQHandler
                0x08001814                EXTI4_IRQHandler
                0x08001814                USB_LP_CAN1_RX0_IRQHandler
                0x08001814                USB_HP_CAN1_TX_IRQHandler
                0x08001814                DMA1_Channel3_IRQHandler
                0x08001814                TIM1_UP_IRQHandler
                0x08001814                WWDG_IRQHandler
                0x08001814                TIM2_IRQHandler
                0x08001814                TIM1_BRK_IRQHandler
                0x08001814                EXTI1_IRQHandler
                0x08001814                USART2_IRQHandler
                0x08001814                I2C2_ER_IRQHandler
                0x08001814                DMA1_Channel2_IRQHandler
                0x08001814                CAN1_SCE_IRQHandler
                0x08001814                FLASH_IRQHandler
                0x08001814                USART1_IRQHandler
                0x08001814                I2C1_ER_IRQHandler
                0x08001814                USBWakeUp_IRQHandler
 .text.SystemInit
                0x08001818       0x4c ./system/src/cmsis/system_stm32f1xx.o
                0x08001818                SystemInit
 .text.SystemCoreClockUpdate
                0x08001864       0x94 ./system/src/cmsis/system_stm32f1xx.o
                0x08001864                SystemCoreClockUpdate
 .text.MX_GPIO_Init
                0x080018f8       0xa8 ./src/main.o
 .text._Error_Handler
                0x080019a0        0x4 ./src/main.o
                0x080019a0                _Error_Handler
 .text.MX_CAN_Init
                0x080019a4       0x6c ./src/main.o
 .text.MX_USART1_UART_Init
                0x08001a10       0x3c ./src/main.o
 .text.MX_USART2_UART_Init
                0x08001a4c       0x3c ./src/main.o
 .text.SystemClock_Config
                0x08001a88       0x7c ./src/main.o
                0x08001a88                SystemClock_Config
 .text.main     0x08001b04      0x104 ./src/main.o
                0x08001b04                main
 .text.HAL_MspInit
                0x08001c08       0x90 ./src/stm32f1xx_hal_msp.o
                0x08001c08                HAL_MspInit
 .text.HAL_CAN_MspInit
                0x08001c98       0x6c ./src/stm32f1xx_hal_msp.o
                0x08001c98                HAL_CAN_MspInit
 .text.HAL_UART_MspInit
                0x08001d04       0x90 ./src/stm32f1xx_hal_msp.o
                0x08001d04                HAL_UART_MspInit
 .text.SysTick_Handler
                0x08001d94        0xc ./src/stm32f1xx_it.o
                0x08001d94                SysTick_Handler
 .text.EXTI15_10_IRQHandler
                0x08001da0        0xc ./src/stm32f1xx_it.o
                0x08001da0                EXTI15_10_IRQHandler
 .text.__errno  0x08001dac        0xc c:/stm32toolchain/gnu-arm/4.8-2014q3/bin/../lib/gcc/arm-none-eabi/4.8.4/../../../../arm-none-eabi/lib/armv7-m\libg_s.a(lib_a-errno.o)
                0x08001dac                __errno
 .text.memcpy   0x08001db8       0x12 c:/stm32toolchain/gnu-arm/4.8-2014q3/bin/../lib/gcc/arm-none-eabi/4.8.4/../../../../arm-none-eabi/lib/armv7-m\libg_s.a(lib_a-memcpy-stub.o)
                0x08001db8                memcpy
 .text.strlen   0x08001dca       0x10 c:/stm32toolchain/gnu-arm/4.8-2014q3/bin/../lib/gcc/arm-none-eabi/4.8.4/../../../../arm-none-eabi/lib/armv7-m\libg_s.a(lib_a-strlen.o)
                0x08001dca                strlen
 .text._vsnprintf_r
                0x08001dda       0x52 c:/stm32toolchain/gnu-arm/4.8-2014q3/bin/../lib/gcc/arm-none-eabi/4.8.4/../../../../arm-none-eabi/lib/armv7-m\libg_s.a(lib_a-vsnprintf.o)
                0x08001dda                _vsniprintf_r
                0x08001dda                _vsnprintf_r
 .text.vsnprintf
                0x08001e2c       0x20 c:/stm32toolchain/gnu-arm/4.8-2014q3/bin/../lib/gcc/arm-none-eabi/4.8.4/../../../../arm-none-eabi/lib/armv7-m\libg_s.a(lib_a-vsnprintf.o)
                0x08001e2c                vsniprintf
                0x08001e2c                vsnprintf
 .text.__ssputs_r
                0x08001e4c       0xb8 c:/stm32toolchain/gnu-arm/4.8-2014q3/bin/../lib/gcc/arm-none-eabi/4.8.4/../../../../arm-none-eabi/lib/armv7-m\libg_s.a(lib_a-svfprintf.o)
                0x08001e4c                __ssputs_r
 .text._svfprintf_r
                0x08001f04      0x1d8 c:/stm32toolchain/gnu-arm/4.8-2014q3/bin/../lib/gcc/arm-none-eabi/4.8.4/../../../../arm-none-eabi/lib/armv7-m\libg_s.a(lib_a-svfprintf.o)
                0x08001f04                _svfiprintf_r
                0x08001f04                _svfprintf_r
 .text._printf_common
                0x080020dc       0xe4 c:/stm32toolchain/gnu-arm/4.8-2014q3/bin/../lib/gcc/arm-none-eabi/4.8.4/../../../../arm-none-eabi/lib/armv7-m\libg_s.a(lib_a-vfprintf_i.o)
                0x080020dc                _printf_common
 .text._printf_i
                0x080021c0      0x228 c:/stm32toolchain/gnu-arm/4.8-2014q3/bin/../lib/gcc/arm-none-eabi/4.8.4/../../../../arm-none-eabi/lib/armv7-m\libg_s.a(lib_a-vfprintf_i.o)
                0x080021c0                _printf_i
 .text.memchr   0x080023e8       0x1c c:/stm32toolchain/gnu-arm/4.8-2014q3/bin/../lib/gcc/arm-none-eabi/4.8.4/../../../../arm-none-eabi/lib/armv7-m\libg_s.a(lib_a-memchr-stub.o)
                0x080023e8                memchr
 .text.memmove  0x08002404       0x36 c:/stm32toolchain/gnu-arm/4.8-2014q3/bin/../lib/gcc/arm-none-eabi/4.8.4/../../../../arm-none-eabi/lib/armv7-m\libg_s.a(lib_a-memmove.o)
                0x08002404                memmove
 *fill*         0x0800243a        0x2 
 .text._free_r  0x0800243c       0x88 c:/stm32toolchain/gnu-arm/4.8-2014q3/bin/../lib/gcc/arm-none-eabi/4.8.4/../../../../arm-none-eabi/lib/armv7-m\libg_s.a(lib_a-nano-freer.o)
                0x0800243c                _free_r
 .text._malloc_r
                0x080024c4       0xa8 c:/stm32toolchain/gnu-arm/4.8-2014q3/bin/../lib/gcc/arm-none-eabi/4.8.4/../../../../arm-none-eabi/lib/armv7-m\libg_s.a(lib_a-nano-mallocr.o)
                0x080024c4                _malloc_r
 .text._realloc_r
                0x0800256c       0x4c c:/stm32toolchain/gnu-arm/4.8-2014q3/bin/../lib/gcc/arm-none-eabi/4.8.4/../../../../arm-none-eabi/lib/armv7-m\libg_s.a(lib_a-nano-reallocr.o)
                0x0800256c                _realloc_r
 .text._sbrk_r  0x080025b8       0x20 c:/stm32toolchain/gnu-arm/4.8-2014q3/bin/../lib/gcc/arm-none-eabi/4.8.4/../../../../arm-none-eabi/lib/armv7-m\libg_s.a(lib_a-sbrkr.o)
                0x080025b8                _sbrk_r
 .text._malloc_usable_size_r
                0x080025d8       0x12 c:/stm32toolchain/gnu-arm/4.8-2014q3/bin/../lib/gcc/arm-none-eabi/4.8.4/../../../../arm-none-eabi/lib/armv7-m\libg_s.a(lib_a-nano-msizer.o)
                0x080025d8                _malloc_usable_size_r
 *(.rodata .rodata.* .constdata .constdata.*)
 *fill*         0x080025ea        0x2 
 .rodata        0x080025ec       0x14 ./system/src/stm32f1xx/stm32f1xx_hal_rcc.o
 .rodata.str1.4
                0x08002600      0x146 ./system/src/cortexm/exception_handlers.o
                                0x148 (size before relaxing)
 *fill*         0x08002746        0x2 
 .rodata.AHBPrescTable
                0x08002748       0x10 ./system/src/cmsis/system_stm32f1xx.o
                0x08002748                AHBPrescTable
 .rodata.APBPrescTable
                0x08002758        0x8 ./system/src/cmsis/system_stm32f1xx.o
                0x08002758                APBPrescTable
 .rodata.str1.4
                0x08002760       0x4c ./src/main.o
 .rodata.str1.1
                0x080027ac        0x2 c:/stm32toolchain/gnu-arm/4.8-2014q3/bin/../lib/gcc/arm-none-eabi/4.8.4/../../../../arm-none-eabi/lib/armv7-m\libg_s.a(lib_a-impure.o)
 .rodata.str1.1
                0x080027ae       0x11 c:/stm32toolchain/gnu-arm/4.8-2014q3/bin/../lib/gcc/arm-none-eabi/4.8.4/../../../../arm-none-eabi/lib/armv7-m\libg_s.a(lib_a-svfprintf.o)
 .rodata.str1.1
                0x080027bf       0x22 c:/stm32toolchain/gnu-arm/4.8-2014q3/bin/../lib/gcc/arm-none-eabi/4.8.4/../../../../arm-none-eabi/lib/armv7-m\libg_s.a(lib_a-vfprintf_i.o)
 *(vtable)
 *(.eh_frame*)
 *(.glue_7)
 .glue_7        0x00000000        0x0 linker stubs
 *(.glue_7t)
 .glue_7t       0x00000000        0x0 linker stubs

.vfp11_veneer   0x080027e4        0x0
 .vfp11_veneer  0x00000000        0x0 linker stubs

.v4_bx          0x080027e4        0x0
 .v4_bx         0x00000000        0x0 linker stubs

.iplt           0x080027e4        0x0
 .iplt          0x00000000        0x0 ./system/src/stm32f1xx/stm32f1xx_hal.o

.rel.dyn        0x080027e4        0x0
 .rel.iplt      0x00000000        0x0 ./system/src/stm32f1xx/stm32f1xx_hal.o

.ARM.extab
 *(.ARM.extab* .gnu.linkonce.armextab.*)
                0x080027e4                . = ALIGN (0x4)
                0x080027e4                __exidx_start = .

.ARM.exidx
 *(.ARM.exidx* .gnu.linkonce.armexidx.*)
                0x080027e4                __exidx_end = .
                0x080027e4                . = ALIGN (0x4)
                0x080027e4                _etext = .
                0x080027e4                __etext = .

.data_CCMRAM    0x10000000        0x0 load address 0x080027e4
 FILL mask 0xff
 *(.data.CCMRAM .data.CCMRAM.*)
                0x10000000                . = ALIGN (0x4)
                0x080027e4                _sidata = LOADADDR (.data)

.data           0x20000000       0x78 load address 0x080027e4
 FILL mask 0xff
                0x20000000                _sdata = .
                0x20000000                __data_start__ = .
 *(.data_begin .data_begin.*)
 .data_begin    0x20000000        0x4 ./system/src/newlib/_startup.o
 *(.data .data.*)
 .data.argv.4015
                0x20000004        0x8 ./system/src/newlib/_syscalls.o
 .data.SystemCoreClock
                0x2000000c        0x4 ./system/src/cmsis/system_stm32f1xx.o
                0x2000000c                SystemCoreClock
 .data.impure_data
                0x20000010       0x60 c:/stm32toolchain/gnu-arm/4.8-2014q3/bin/../lib/gcc/arm-none-eabi/4.8.4/../../../../arm-none-eabi/lib/armv7-m\libg_s.a(lib_a-impure.o)
 .data._impure_ptr
                0x20000070        0x4 c:/stm32toolchain/gnu-arm/4.8-2014q3/bin/../lib/gcc/arm-none-eabi/4.8.4/../../../../arm-none-eabi/lib/armv7-m\libg_s.a(lib_a-impure.o)
                0x20000070                _impure_ptr
 *(.data_end .data_end.*)
 .data_end      0x20000074        0x4 ./system/src/newlib/_startup.o
                0x20000078                . = ALIGN (0x4)
                0x20000078                _edata = .
                0x20000078                __data_end__ = .

.igot.plt       0x20000078        0x0 load address 0x0800285c
 .igot.plt      0x00000000        0x0 ./system/src/stm32f1xx/stm32f1xx_hal.o

.bss_CCMRAM     0x10000000        0x0
 *(.bss.CCMRAM .bss.CCMRAM.*)

.bss            0x20000078      0x1a0
                0x20000078                __bss_start__ = .
                0x20000078                _sbss = .
 *(.bss_begin .bss_begin.*)
 .bss_begin     0x20000078        0x4 ./system/src/newlib/_startup.o
 *(.bss .bss.*)
 .bss.uwTick    0x2000007c        0x4 ./system/src/stm32f1xx/stm32f1xx_hal.o
 .bss.current_heap_end.3842
                0x20000080        0x4 ./system/src/newlib/_sbrk.o
 .bss.name.4014
                0x20000084        0x4 ./system/src/newlib/_syscalls.o
 .bss.buf.4905  0x20000088       0x80 ./system/src/diag/Trace.o
 .bss.TxMessage.5943
                0x20000108       0x1c ./src/main.o
 .bss.RxMessage.5944
                0x20000124       0x24 ./src/main.o
 .bss.__malloc_sbrk_start
                0x20000148        0x4 c:/stm32toolchain/gnu-arm/4.8-2014q3/bin/../lib/gcc/arm-none-eabi/4.8.4/../../../../arm-none-eabi/lib/armv7-m\libg_s.a(lib_a-nano-mallocr.o)
                0x20000148                __malloc_sbrk_start
 .bss.__malloc_free_list
                0x2000014c        0x4 c:/stm32toolchain/gnu-arm/4.8-2014q3/bin/../lib/gcc/arm-none-eabi/4.8.4/../../../../arm-none-eabi/lib/armv7-m\libg_s.a(lib_a-nano-mallocr.o)
                0x2000014c                __malloc_free_list
 *(COMMON)
 COMMON         0x20000150        0x4 ./system/src/newlib/_syscalls.o
                0x20000150                errno
 COMMON         0x20000154       0xc0 ./src/main.o
                0x20000154                hcan
                0x20000194                huart1
                0x200001d4                huart2
 *(.bss_end .bss_end.*)
 .bss_end       0x20000214        0x4 ./system/src/newlib/_startup.o
                0x20000218                . = ALIGN (0x4)
                0x20000218                __bss_end__ = .
                0x20000218                _ebss = .

.noinit_CCMRAM
 *(.noinit.CCMRAM .noinit.CCMRAM.*)

.noinit         0x20000218        0x0
                0x20000218                _noinit = .
 *(.noinit .noinit.*)
                0x20000218                . = ALIGN (0x4)
                0x20000218                _end_noinit = .
                0x20000218                PROVIDE (end, _end_noinit)
                0x20000218                PROVIDE (_end, _end_noinit)
                0x20000218                PROVIDE (__end, _end_noinit)
                0x20000218                PROVIDE (__end__, _end_noinit)

._check_stack   0x20000218      0x100
                0x20000318                . = (. + _Minimum_Stack_Size)
 *fill*         0x20000218      0x100 

.b1text
 *(.b1text)
 *(.b1rodata)
 *(.b1rodata.*)

.eb0text
 *(.eb0text)
 *(.eb0rodata)
 *(.eb0rodata.*)

.eb1text
 *(.eb1text)
 *(.eb1rodata)
 *(.eb1rodata.*)

.eb2text
 *(.eb2text)
 *(.eb2rodata)
 *(.eb2rodata.*)

.eb3text
 *(.eb3text)
 *(.eb3rodata)
 *(.eb3rodata.*)

.stab
 *(.stab)

.stabstr
 *(.stabstr)

.stab.excl
 *(.stab.excl)

.stab.exclstr
 *(.stab.exclstr)

.stab.index
 *(.stab.index)

.stab.indexstr
 *(.stab.indexstr)

.comment        0x00000000       0x70
 *(.comment)
 .comment       0x00000000       0x70 ./system/src/stm32f1xx/stm32f1xx_hal.o
                                 0x71 (size before relaxing)
 .comment       0x00000000       0x71 ./system/src/stm32f1xx/stm32f1xx_hal_can.o
 .comment       0x00000000       0x71 ./system/src/stm32f1xx/stm32f1xx_hal_cortex.o
 .comment       0x00000000       0x71 ./system/src/stm32f1xx/stm32f1xx_hal_gpio.o
 .comment       0x00000000       0x71 ./system/src/stm32f1xx/stm32f1xx_hal_rcc.o
 .comment       0x00000000       0x71 ./system/src/stm32f1xx/stm32f1xx_hal_uart.o
 .comment       0x00000000       0x71 ./system/src/newlib/_exit.o
 .comment       0x00000000       0x71 ./system/src/newlib/_sbrk.o
 .comment       0x00000000       0x71 ./system/src/newlib/_startup.o
 .comment       0x00000000       0x71 ./system/src/newlib/_syscalls.o
 .comment       0x00000000       0x71 ./system/src/diag/Trace.o
 .comment       0x00000000       0x71 ./system/src/diag/trace_impl.o
 .comment       0x00000000       0x71 ./system/src/cortexm/_initialize_hardware.o
 .comment       0x00000000       0x71 ./system/src/cortexm/exception_handlers.o
 .comment       0x00000000       0x71 ./system/src/cmsis/system_stm32f1xx.o
 .comment       0x00000000       0x71 ./src/main.o
 .comment       0x00000000       0x71 ./src/stm32f1xx_hal_msp.o
 .comment       0x00000000       0x71 ./src/stm32f1xx_it.o

.ARM.attributes
                0x00000000       0x31
 .ARM.attributes
                0x00000000       0x33 ./system/src/stm32f1xx/stm32f1xx_hal.o
 .ARM.attributes
                0x00000033       0x33 ./system/src/stm32f1xx/stm32f1xx_hal_can.o
 .ARM.attributes
                0x00000066       0x33 ./system/src/stm32f1xx/stm32f1xx_hal_cortex.o
 .ARM.attributes
                0x00000099       0x33 ./system/src/stm32f1xx/stm32f1xx_hal_gpio.o
 .ARM.attributes
                0x000000cc       0x33 ./system/src/stm32f1xx/stm32f1xx_hal_rcc.o
 .ARM.attributes
                0x000000ff       0x33 ./system/src/stm32f1xx/stm32f1xx_hal_uart.o
 .ARM.attributes
                0x00000132       0x33 ./system/src/newlib/_exit.o
 .ARM.attributes
                0x00000165       0x33 ./system/src/newlib/_sbrk.o
 .ARM.attributes
                0x00000198       0x33 ./system/src/newlib/_startup.o
 .ARM.attributes
                0x000001cb       0x33 ./system/src/newlib/_syscalls.o
 .ARM.attributes
                0x000001fe       0x33 ./system/src/diag/Trace.o
 .ARM.attributes
                0x00000231       0x33 ./system/src/diag/trace_impl.o
 .ARM.attributes
                0x00000264       0x33 ./system/src/cortexm/_initialize_hardware.o
 .ARM.attributes
                0x00000297       0x33 ./system/src/cortexm/exception_handlers.o
 .ARM.attributes
                0x000002ca       0x21 ./system/src/cmsis/startup_stm32f103xb.o
 .ARM.attributes
                0x000002eb       0x33 ./system/src/cmsis/system_stm32f1xx.o
 .ARM.attributes
                0x0000031e       0x33 ./src/main.o
 .ARM.attributes
                0x00000351       0x33 ./src/stm32f1xx_hal_msp.o
 .ARM.attributes
                0x00000384       0x33 ./src/stm32f1xx_it.o
 .ARM.attributes
                0x000003b7       0x2d c:/stm32toolchain/gnu-arm/4.8-2014q3/bin/../lib/gcc/arm-none-eabi/4.8.4/../../../../arm-none-eabi/lib/armv7-m\libg_s.a(lib_a-errno.o)
 .ARM.attributes
                0x000003e4       0x2d c:/stm32toolchain/gnu-arm/4.8-2014q3/bin/../lib/gcc/arm-none-eabi/4.8.4/../../../../arm-none-eabi/lib/armv7-m\libg_s.a(lib_a-impure.o)
 .ARM.attributes
                0x00000411       0x2d c:/stm32toolchain/gnu-arm/4.8-2014q3/bin/../lib/gcc/arm-none-eabi/4.8.4/../../../../arm-none-eabi/lib/armv7-m\libg_s.a(lib_a-memcpy-stub.o)
 .ARM.attributes
                0x0000043e       0x2d c:/stm32toolchain/gnu-arm/4.8-2014q3/bin/../lib/gcc/arm-none-eabi/4.8.4/../../../../arm-none-eabi/lib/armv7-m\libg_s.a(lib_a-strlen.o)
 .ARM.attributes
                0x0000046b       0x2d c:/stm32toolchain/gnu-arm/4.8-2014q3/bin/../lib/gcc/arm-none-eabi/4.8.4/../../../../arm-none-eabi/lib/armv7-m\libg_s.a(lib_a-vsnprintf.o)
 .ARM.attributes
                0x00000498       0x2d c:/stm32toolchain/gnu-arm/4.8-2014q3/bin/../lib/gcc/arm-none-eabi/4.8.4/../../../../arm-none-eabi/lib/armv7-m\libg_s.a(lib_a-svfprintf.o)
 .ARM.attributes
                0x000004c5       0x2d c:/stm32toolchain/gnu-arm/4.8-2014q3/bin/../lib/gcc/arm-none-eabi/4.8.4/../../../../arm-none-eabi/lib/armv7-m\libg_s.a(lib_a-vfprintf_i.o)
 .ARM.attributes
                0x000004f2       0x2d c:/stm32toolchain/gnu-arm/4.8-2014q3/bin/../lib/gcc/arm-none-eabi/4.8.4/../../../../arm-none-eabi/lib/armv7-m\libg_s.a(lib_a-memchr-stub.o)
 .ARM.attributes
                0x0000051f       0x2d c:/stm32toolchain/gnu-arm/4.8-2014q3/bin/../lib/gcc/arm-none-eabi/4.8.4/../../../../arm-none-eabi/lib/armv7-m\libg_s.a(lib_a-memmove.o)
 .ARM.attributes
                0x0000054c       0x2d c:/stm32toolchain/gnu-arm/4.8-2014q3/bin/../lib/gcc/arm-none-eabi/4.8.4/../../../../arm-none-eabi/lib/armv7-m\libg_s.a(lib_a-nano-freer.o)
 .ARM.attributes
                0x00000579       0x2d c:/stm32toolchain/gnu-arm/4.8-2014q3/bin/../lib/gcc/arm-none-eabi/4.8.4/../../../../arm-none-eabi/lib/armv7-m\libg_s.a(lib_a-nano-mallocr.o)
 .ARM.attributes
                0x000005a6       0x2d c:/stm32toolchain/gnu-arm/4.8-2014q3/bin/../lib/gcc/arm-none-eabi/4.8.4/../../../../arm-none-eabi/lib/armv7-m\libg_s.a(lib_a-nano-reallocr.o)
 .ARM.attributes
                0x000005d3       0x2d c:/stm32toolchain/gnu-arm/4.8-2014q3/bin/../lib/gcc/arm-none-eabi/4.8.4/../../../../arm-none-eabi/lib/armv7-m\libg_s.a(lib_a-sbrkr.o)
 .ARM.attributes
                0x00000600       0x2d c:/stm32toolchain/gnu-arm/4.8-2014q3/bin/../lib/gcc/arm-none-eabi/4.8.4/../../../../arm-none-eabi/lib/armv7-m\libg_s.a(lib_a-nano-msizer.o)

.debug
 *(.debug)

.line
 *(.line)

.debug_srcinfo
 *(.debug_srcinfo)

.debug_sfnames
 *(.debug_sfnames)

.debug_aranges  0x00000000      0x6f0
 *(.debug_aranges)
 .debug_aranges
                0x00000000       0xb0 ./system/src/stm32f1xx/stm32f1xx_hal.o
 .debug_aranges
                0x000000b0       0xb0 ./system/src/stm32f1xx/stm32f1xx_hal_can.o
 .debug_aranges
                0x00000160       0x90 ./system/src/stm32f1xx/stm32f1xx_hal_cortex.o
 .debug_aranges
                0x000001f0       0x58 ./system/src/stm32f1xx/stm32f1xx_hal_gpio.o
 .debug_aranges
                0x00000248       0x88 ./system/src/stm32f1xx/stm32f1xx_hal_rcc.o
 .debug_aranges
                0x000002d0      0x150 ./system/src/stm32f1xx/stm32f1xx_hal_uart.o
 .debug_aranges
                0x00000420       0x28 ./system/src/newlib/_exit.o
 .debug_aranges
                0x00000448       0x20 ./system/src/newlib/_sbrk.o
 .debug_aranges
                0x00000468       0x40 ./system/src/newlib/_startup.o
 .debug_aranges
                0x000004a8       0x30 ./system/src/newlib/_syscalls.o
 .debug_aranges
                0x000004d8       0x38 ./system/src/diag/Trace.o
 .debug_aranges
                0x00000510       0x28 ./system/src/diag/trace_impl.o
 .debug_aranges
                0x00000538       0x28 ./system/src/cortexm/_initialize_hardware.o
 .debug_aranges
                0x00000560       0x88 ./system/src/cortexm/exception_handlers.o
 .debug_aranges
                0x000005e8       0x28 ./system/src/cmsis/startup_stm32f103xb.o
 .debug_aranges
                0x00000610       0x28 ./system/src/cmsis/system_stm32f1xx.o
 .debug_aranges
                0x00000638       0x50 ./src/main.o
 .debug_aranges
                0x00000688       0x40 ./src/stm32f1xx_hal_msp.o
 .debug_aranges
                0x000006c8       0x28 ./src/stm32f1xx_it.o

.debug_pubnames
 *(.debug_pubnames)

.debug_info     0x00000000     0x86e4
 *(.debug_info .gnu.linkonce.wi.*)
 .debug_info    0x00000000      0x6a5 ./system/src/stm32f1xx/stm32f1xx_hal.o
 .debug_info    0x000006a5      0xb67 ./system/src/stm32f1xx/stm32f1xx_hal_can.o
 .debug_info    0x0000120c      0xbff ./system/src/stm32f1xx/stm32f1xx_hal_cortex.o
 .debug_info    0x00001e0b      0x5db ./system/src/stm32f1xx/stm32f1xx_hal_gpio.o
 .debug_info    0x000023e6     0x1317 ./system/src/stm32f1xx/stm32f1xx_hal_rcc.o
 .debug_info    0x000036fd     0x10ce ./system/src/stm32f1xx/stm32f1xx_hal_uart.o
 .debug_info    0x000047cb      0x100 ./system/src/newlib/_exit.o
 .debug_info    0x000048cb      0x125 ./system/src/newlib/_sbrk.o
 .debug_info    0x000049f0      0x475 ./system/src/newlib/_startup.o
 .debug_info    0x00004e65      0x1bc ./system/src/newlib/_syscalls.o
 .debug_info    0x00005021      0x32b ./system/src/diag/Trace.o
 .debug_info    0x0000534c      0x114 ./system/src/diag/trace_impl.o
 .debug_info    0x00005460      0x294 ./system/src/cortexm/_initialize_hardware.o
 .debug_info    0x000056f4      0x796 ./system/src/cortexm/exception_handlers.o
 .debug_info    0x00005e8a       0x82 ./system/src/cmsis/startup_stm32f103xb.o
 .debug_info    0x00005f0c      0x39e ./system/src/cmsis/system_stm32f1xx.o
 .debug_info    0x000062aa     0x13e2 ./src/main.o
 .debug_info    0x0000768c      0xf3f ./src/stm32f1xx_hal_msp.o
 .debug_info    0x000085cb      0x119 ./src/stm32f1xx_it.o

.debug_abbrev   0x00000000     0x1d51
 *(.debug_abbrev)
 .debug_abbrev  0x00000000      0x258 ./system/src/stm32f1xx/stm32f1xx_hal.o
 .debug_abbrev  0x00000258      0x206 ./system/src/stm32f1xx/stm32f1xx_hal_can.o
 .debug_abbrev  0x0000045e      0x28e ./system/src/stm32f1xx/stm32f1xx_hal_cortex.o
 .debug_abbrev  0x000006ec      0x1cb ./system/src/stm32f1xx/stm32f1xx_hal_gpio.o
 .debug_abbrev  0x000008b7      0x2d8 ./system/src/stm32f1xx/stm32f1xx_hal_rcc.o
 .debug_abbrev  0x00000b8f      0x250 ./system/src/stm32f1xx/stm32f1xx_hal_uart.o
 .debug_abbrev  0x00000ddf       0xa4 ./system/src/newlib/_exit.o
 .debug_abbrev  0x00000e83       0xbb ./system/src/newlib/_sbrk.o
 .debug_abbrev  0x00000f3e      0x1e9 ./system/src/newlib/_startup.o
 .debug_abbrev  0x00001127       0xee ./system/src/newlib/_syscalls.o
 .debug_abbrev  0x00001215      0x178 ./system/src/diag/Trace.o
 .debug_abbrev  0x0000138d       0xb4 ./system/src/diag/trace_impl.o
 .debug_abbrev  0x00001441       0xea ./system/src/cortexm/_initialize_hardware.o
 .debug_abbrev  0x0000152b      0x1d6 ./system/src/cortexm/exception_handlers.o
 .debug_abbrev  0x00001701       0x12 ./system/src/cmsis/startup_stm32f103xb.o
 .debug_abbrev  0x00001713      0x123 ./system/src/cmsis/system_stm32f1xx.o
 .debug_abbrev  0x00001836      0x2a2 ./src/main.o
 .debug_abbrev  0x00001ad8      0x1c2 ./src/stm32f1xx_hal_msp.o
 .debug_abbrev  0x00001c9a       0xb7 ./src/stm32f1xx_it.o

.debug_line     0x00000000     0x5967
 *(.debug_line)
 .debug_line    0x00000000      0x62d ./system/src/stm32f1xx/stm32f1xx_hal.o
 .debug_line    0x0000062d      0x8c6 ./system/src/stm32f1xx/stm32f1xx_hal_can.o
 .debug_line    0x00000ef3      0x66a ./system/src/stm32f1xx/stm32f1xx_hal_cortex.o
 .debug_line    0x0000155d      0x63f ./system/src/stm32f1xx/stm32f1xx_hal_gpio.o
 .debug_line    0x00001b9c      0xa61 ./system/src/stm32f1xx/stm32f1xx_hal_rcc.o
 .debug_line    0x000025fd      0xb3e ./system/src/stm32f1xx/stm32f1xx_hal_uart.o
 .debug_line    0x0000313b      0x263 ./system/src/newlib/_exit.o
 .debug_line    0x0000339e      0x214 ./system/src/newlib/_sbrk.o
 .debug_line    0x000035b2      0x2d2 ./system/src/newlib/_startup.o
 .debug_line    0x00003884      0x303 ./system/src/newlib/_syscalls.o
 .debug_line    0x00003b87      0x31a ./system/src/diag/Trace.o
 .debug_line    0x00003ea1      0x313 ./system/src/diag/trace_impl.o
 .debug_line    0x000041b4      0x193 ./system/src/cortexm/_initialize_hardware.o
 .debug_line    0x00004347      0x44f ./system/src/cortexm/exception_handlers.o
 .debug_line    0x00004796       0x86 ./system/src/cmsis/startup_stm32f103xb.o
 .debug_line    0x0000481c      0x19b ./system/src/cmsis/system_stm32f1xx.o
 .debug_line    0x000049b7      0x589 ./src/main.o
 .debug_line    0x00004f40      0x53c ./src/stm32f1xx_hal_msp.o
 .debug_line    0x0000547c      0x4eb ./src/stm32f1xx_it.o

.debug_frame    0x00000000     0x116c
 *(.debug_frame)
 .debug_frame   0x00000000      0x164 ./system/src/stm32f1xx/stm32f1xx_hal.o
 .debug_frame   0x00000164      0x1c4 ./system/src/stm32f1xx/stm32f1xx_hal_can.o
 .debug_frame   0x00000328      0x11c ./system/src/stm32f1xx/stm32f1xx_hal_cortex.o
 .debug_frame   0x00000444       0xb8 ./system/src/stm32f1xx/stm32f1xx_hal_gpio.o
 .debug_frame   0x000004fc      0x140 ./system/src/stm32f1xx/stm32f1xx_hal_rcc.o
 .debug_frame   0x0000063c      0x354 ./system/src/stm32f1xx/stm32f1xx_hal_uart.o
 .debug_frame   0x00000990       0x38 ./system/src/newlib/_exit.o
 .debug_frame   0x000009c8       0x28 ./system/src/newlib/_sbrk.o
 .debug_frame   0x000009f0       0x7c ./system/src/newlib/_startup.o
 .debug_frame   0x00000a6c       0x50 ./system/src/newlib/_syscalls.o
 .debug_frame   0x00000abc       0x80 ./system/src/diag/Trace.o
 .debug_frame   0x00000b3c       0x30 ./system/src/diag/trace_impl.o
 .debug_frame   0x00000b6c       0x40 ./system/src/cortexm/_initialize_hardware.o
 .debug_frame   0x00000bac      0x144 ./system/src/cortexm/exception_handlers.o
 .debug_frame   0x00000cf0       0x30 ./system/src/cmsis/system_stm32f1xx.o
 .debug_frame   0x00000d20       0xb8 ./src/main.o
 .debug_frame   0x00000dd8       0x90 ./src/stm32f1xx_hal_msp.o
 .debug_frame   0x00000e68       0x40 ./src/stm32f1xx_it.o
 .debug_frame   0x00000ea8       0x20 c:/stm32toolchain/gnu-arm/4.8-2014q3/bin/../lib/gcc/arm-none-eabi/4.8.4/../../../../arm-none-eabi/lib/armv7-m\libg_s.a(lib_a-errno.o)
 .debug_frame   0x00000ec8       0x28 c:/stm32toolchain/gnu-arm/4.8-2014q3/bin/../lib/gcc/arm-none-eabi/4.8.4/../../../../arm-none-eabi/lib/armv7-m\libg_s.a(lib_a-memcpy-stub.o)
 .debug_frame   0x00000ef0       0x20 c:/stm32toolchain/gnu-arm/4.8-2014q3/bin/../lib/gcc/arm-none-eabi/4.8.4/../../../../arm-none-eabi/lib/armv7-m\libg_s.a(lib_a-strlen.o)
 .debug_frame   0x00000f10       0x4c c:/stm32toolchain/gnu-arm/4.8-2014q3/bin/../lib/gcc/arm-none-eabi/4.8.4/../../../../arm-none-eabi/lib/armv7-m\libg_s.a(lib_a-vsnprintf.o)
 .debug_frame   0x00000f5c       0x88 c:/stm32toolchain/gnu-arm/4.8-2014q3/bin/../lib/gcc/arm-none-eabi/4.8.4/../../../../arm-none-eabi/lib/armv7-m\libg_s.a(lib_a-svfprintf.o)
 .debug_frame   0x00000fe4       0x60 c:/stm32toolchain/gnu-arm/4.8-2014q3/bin/../lib/gcc/arm-none-eabi/4.8.4/../../../../arm-none-eabi/lib/armv7-m\libg_s.a(lib_a-vfprintf_i.o)
 .debug_frame   0x00001044       0x28 c:/stm32toolchain/gnu-arm/4.8-2014q3/bin/../lib/gcc/arm-none-eabi/4.8.4/../../../../arm-none-eabi/lib/armv7-m\libg_s.a(lib_a-memchr-stub.o)
 .debug_frame   0x0000106c       0x2c c:/stm32toolchain/gnu-arm/4.8-2014q3/bin/../lib/gcc/arm-none-eabi/4.8.4/../../../../arm-none-eabi/lib/armv7-m\libg_s.a(lib_a-memmove.o)
 .debug_frame   0x00001098       0x2c c:/stm32toolchain/gnu-arm/4.8-2014q3/bin/../lib/gcc/arm-none-eabi/4.8.4/../../../../arm-none-eabi/lib/armv7-m\libg_s.a(lib_a-nano-freer.o)
 .debug_frame   0x000010c4       0x2c c:/stm32toolchain/gnu-arm/4.8-2014q3/bin/../lib/gcc/arm-none-eabi/4.8.4/../../../../arm-none-eabi/lib/armv7-m\libg_s.a(lib_a-nano-mallocr.o)
 .debug_frame   0x000010f0       0x30 c:/stm32toolchain/gnu-arm/4.8-2014q3/bin/../lib/gcc/arm-none-eabi/4.8.4/../../../../arm-none-eabi/lib/armv7-m\libg_s.a(lib_a-nano-reallocr.o)
 .debug_frame   0x00001120       0x2c c:/stm32toolchain/gnu-arm/4.8-2014q3/bin/../lib/gcc/arm-none-eabi/4.8.4/../../../../arm-none-eabi/lib/armv7-m\libg_s.a(lib_a-sbrkr.o)
 .debug_frame   0x0000114c       0x20 c:/stm32toolchain/gnu-arm/4.8-2014q3/bin/../lib/gcc/arm-none-eabi/4.8.4/../../../../arm-none-eabi/lib/armv7-m\libg_s.a(lib_a-nano-msizer.o)

.debug_str      0x00000000    0x8a2c2
 *(.debug_str)
 .debug_str     0x00000000    0x85540 ./system/src/stm32f1xx/stm32f1xx_hal.o
                              0x859e5 (size before relaxing)
 .debug_str     0x00085540      0x5d8 ./system/src/stm32f1xx/stm32f1xx_hal_can.o
                              0x85941 (size before relaxing)
 .debug_str     0x00085b18      0x27d ./system/src/stm32f1xx/stm32f1xx_hal_cortex.o
                              0x859cf (size before relaxing)
 .debug_str     0x00085d95      0x452 ./system/src/stm32f1xx/stm32f1xx_hal_gpio.o
                              0x857b3 (size before relaxing)
 .debug_str     0x000861e7      0x3d6 ./system/src/stm32f1xx/stm32f1xx_hal_rcc.o
                              0x85814 (size before relaxing)
 .debug_str     0x000865bd      0x6a8 ./system/src/stm32f1xx/stm32f1xx_hal_uart.o
                              0x85a97 (size before relaxing)
 .debug_str     0x00086c65      0xeeb ./system/src/newlib/_exit.o
                               0x4eab (size before relaxing)
 .debug_str     0x00087b50      0x4de ./system/src/newlib/_sbrk.o
                               0x4461 (size before relaxing)
 .debug_str     0x0008802e      0x266 ./system/src/newlib/_startup.o
                               0x4037 (size before relaxing)
 .debug_str     0x00088294      0xc3a ./system/src/newlib/_syscalls.o
                               0x50dd (size before relaxing)
 .debug_str     0x00088ece     0x1013 ./system/src/diag/Trace.o
                               0x6592 (size before relaxing)
 .debug_str     0x00089ee1       0x42 ./system/src/diag/trace_impl.o
                              0x5b7a4 (size before relaxing)
 .debug_str     0x00089f23       0x5e ./system/src/cortexm/_initialize_hardware.o
                              0x59b5a (size before relaxing)
 .debug_str     0x00089f81      0x1e5 ./system/src/cortexm/exception_handlers.o
                              0x5d47b (size before relaxing)
 .debug_str     0x0008a166       0x4d ./system/src/cmsis/system_stm32f1xx.o
                              0x59bda (size before relaxing)
 .debug_str     0x0008a1b3       0xb7 ./src/main.o
                              0x85f0c (size before relaxing)
 .debug_str     0x0008a26a       0x1b ./src/stm32f1xx_hal_msp.o
                              0x85cb8 (size before relaxing)
 .debug_str     0x0008a285       0x3d ./src/stm32f1xx_it.o
                              0x85342 (size before relaxing)

.debug_loc      0x00000000     0x33ac
 *(.debug_loc)
 .debug_loc     0x00000000       0x7d ./system/src/stm32f1xx/stm32f1xx_hal.o
 .debug_loc     0x0000007d      0x60f ./system/src/stm32f1xx/stm32f1xx_hal_can.o
 .debug_loc     0x0000068c      0x501 ./system/src/stm32f1xx/stm32f1xx_hal_cortex.o
 .debug_loc     0x00000b8d      0x357 ./system/src/stm32f1xx/stm32f1xx_hal_gpio.o
 .debug_loc     0x00000ee4      0xde3 ./system/src/stm32f1xx/stm32f1xx_hal_rcc.o
 .debug_loc     0x00001cc7      0xf53 ./system/src/stm32f1xx/stm32f1xx_hal_uart.o
 .debug_loc     0x00002c1a       0x6b ./system/src/newlib/_sbrk.o
 .debug_loc     0x00002c85      0x265 ./system/src/newlib/_startup.o
 .debug_loc     0x00002eea       0x63 ./system/src/newlib/_syscalls.o
 .debug_loc     0x00002f4d       0xf7 ./system/src/diag/Trace.o
 .debug_loc     0x00003044       0x21 ./system/src/diag/trace_impl.o
 .debug_loc     0x00003065      0x184 ./system/src/cortexm/exception_handlers.o
 .debug_loc     0x000031e9       0xe4 ./system/src/cmsis/system_stm32f1xx.o
 .debug_loc     0x000032cd       0x29 ./src/main.o
 .debug_loc     0x000032f6       0xb6 ./src/stm32f1xx_hal_msp.o

.debug_macinfo
 *(.debug_macinfo)

.debug_weaknames
 *(.debug_weaknames)

.debug_funcnames
 *(.debug_funcnames)

.debug_typenames
 *(.debug_typenames)

.debug_varnames
 *(.debug_varnames)
OUTPUT(CanWithoutFreertos.elf elf32-littlearm)

.debug_ranges   0x00000000      0x5e0
 .debug_ranges  0x00000000       0xa0 ./system/src/stm32f1xx/stm32f1xx_hal.o
 .debug_ranges  0x000000a0       0xa0 ./system/src/stm32f1xx/stm32f1xx_hal_can.o
 .debug_ranges  0x00000140       0x80 ./system/src/stm32f1xx/stm32f1xx_hal_cortex.o
 .debug_ranges  0x000001c0       0x48 ./system/src/stm32f1xx/stm32f1xx_hal_gpio.o
 .debug_ranges  0x00000208       0x78 ./system/src/stm32f1xx/stm32f1xx_hal_rcc.o
 .debug_ranges  0x00000280      0x140 ./system/src/stm32f1xx/stm32f1xx_hal_uart.o
 .debug_ranges  0x000003c0       0x18 ./system/src/newlib/_exit.o
 .debug_ranges  0x000003d8       0x10 ./system/src/newlib/_sbrk.o
 .debug_ranges  0x000003e8       0x48 ./system/src/newlib/_startup.o
 .debug_ranges  0x00000430       0x20 ./system/src/newlib/_syscalls.o
 .debug_ranges  0x00000450       0x28 ./system/src/diag/Trace.o
 .debug_ranges  0x00000478       0x18 ./system/src/diag/trace_impl.o
 .debug_ranges  0x00000490       0x18 ./system/src/cortexm/_initialize_hardware.o
 .debug_ranges  0x000004a8       0x78 ./system/src/cortexm/exception_handlers.o
 .debug_ranges  0x00000520       0x20 ./system/src/cmsis/startup_stm32f103xb.o
 .debug_ranges  0x00000540       0x18 ./system/src/cmsis/system_stm32f1xx.o
 .debug_ranges  0x00000558       0x40 ./src/main.o
 .debug_ranges  0x00000598       0x30 ./src/stm32f1xx_hal_msp.o
 .debug_ranges  0x000005c8       0x18 ./src/stm32f1xx_it.o

.debug_macro    0x00000000    0x18e7c
 .debug_macro   0x00000000      0x251 ./system/src/stm32f1xx/stm32f1xx_hal.o
 .debug_macro   0x00000251      0x856 ./system/src/stm32f1xx/stm32f1xx_hal.o
 .debug_macro   0x00000aa7       0x6a ./system/src/stm32f1xx/stm32f1xx_hal.o
 .debug_macro   0x00000b11      0x161 ./system/src/stm32f1xx/stm32f1xx_hal.o
 .debug_macro   0x00000c72       0x2e ./system/src/stm32f1xx/stm32f1xx_hal.o
 .debug_macro   0x00000ca0       0x22 ./system/src/stm32f1xx/stm32f1xx_hal.o
 .debug_macro   0x00000cc2      0x34e ./system/src/stm32f1xx/stm32f1xx_hal.o
 .debug_macro   0x00001010       0x34 ./system/src/stm32f1xx/stm32f1xx_hal.o
 .debug_macro   0x00001044       0x34 ./system/src/stm32f1xx/stm32f1xx_hal.o
 .debug_macro   0x00001078      0xb8e ./system/src/stm32f1xx/stm32f1xx_hal.o
 .debug_macro   0x00001c06     0xf2f7 ./system/src/stm32f1xx/stm32f1xx_hal.o
 .debug_macro   0x00010efd       0x43 ./system/src/stm32f1xx/stm32f1xx_hal.o
 .debug_macro   0x00010f40     0x3383 ./system/src/stm32f1xx/stm32f1xx_hal.o
 .debug_macro   0x000142c3       0x58 ./system/src/stm32f1xx/stm32f1xx_hal.o
 .debug_macro   0x0001431b       0x16 ./system/src/stm32f1xx/stm32f1xx_hal.o
 .debug_macro   0x00014331       0x35 ./system/src/stm32f1xx/stm32f1xx_hal.o
 .debug_macro   0x00014366       0xa3 ./system/src/stm32f1xx/stm32f1xx_hal.o
 .debug_macro   0x00014409       0x16 ./system/src/stm32f1xx/stm32f1xx_hal.o
 .debug_macro   0x0001441f       0x97 ./system/src/stm32f1xx/stm32f1xx_hal.o
 .debug_macro   0x000144b6       0x10 ./system/src/stm32f1xx/stm32f1xx_hal.o
 .debug_macro   0x000144c6       0xf6 ./system/src/stm32f1xx/stm32f1xx_hal.o
 .debug_macro   0x000145bc       0x4a ./system/src/stm32f1xx/stm32f1xx_hal.o
 .debug_macro   0x00014606       0x52 ./system/src/stm32f1xx/stm32f1xx_hal.o
 .debug_macro   0x00014658       0x16 ./system/src/stm32f1xx/stm32f1xx_hal.o
 .debug_macro   0x0001466e       0x43 ./system/src/stm32f1xx/stm32f1xx_hal.o
 .debug_macro   0x000146b1      0x180 ./system/src/stm32f1xx/stm32f1xx_hal.o
 .debug_macro   0x00014831       0x10 ./system/src/stm32f1xx/stm32f1xx_hal.o
 .debug_macro   0x00014841       0x22 ./system/src/stm32f1xx/stm32f1xx_hal.o
 .debug_macro   0x00014863       0xbd ./system/src/stm32f1xx/stm32f1xx_hal.o
 .debug_macro   0x00014920       0x16 ./system/src/stm32f1xx/stm32f1xx_hal.o
 .debug_macro   0x00014936      0x16c ./system/src/stm32f1xx/stm32f1xx_hal.o
 .debug_macro   0x00014aa2       0x5e ./system/src/stm32f1xx/stm32f1xx_hal.o
 .debug_macro   0x00014b00      0x778 ./system/src/stm32f1xx/stm32f1xx_hal.o
 .debug_macro   0x00015278      0x28b ./system/src/stm32f1xx/stm32f1xx_hal.o
 .debug_macro   0x00015503      0x141 ./system/src/stm32f1xx/stm32f1xx_hal.o
 .debug_macro   0x00015644      0x197 ./system/src/stm32f1xx/stm32f1xx_hal.o
 .debug_macro   0x000157db      0x1ae ./system/src/stm32f1xx/stm32f1xx_hal.o
 .debug_macro   0x00015989       0x2d ./system/src/stm32f1xx/stm32f1xx_hal.o
 .debug_macro   0x000159b6       0x3c ./system/src/stm32f1xx/stm32f1xx_hal.o
 .debug_macro   0x000159f2      0x401 ./system/src/stm32f1xx/stm32f1xx_hal.o
 .debug_macro   0x00015df3       0x10 ./system/src/stm32f1xx/stm32f1xx_hal.o
 .debug_macro   0x00015e03       0x57 ./system/src/stm32f1xx/stm32f1xx_hal.o
 .debug_macro   0x00015e5a       0x8c ./system/src/stm32f1xx/stm32f1xx_hal.o
 .debug_macro   0x00015ee6      0x242 ./system/src/stm32f1xx/stm32f1xx_hal.o
 .debug_macro   0x00016128      0x143 ./system/src/stm32f1xx/stm32f1xx_hal.o
 .debug_macro   0x0001626b      0x256 ./system/src/stm32f1xx/stm32f1xx_hal.o
 .debug_macro   0x000164c1       0x7c ./system/src/stm32f1xx/stm32f1xx_hal.o
 .debug_macro   0x0001653d      0x25c ./system/src/stm32f1xx/stm32f1xx_hal_can.o
 .debug_macro   0x00016799      0x22d ./system/src/stm32f1xx/stm32f1xx_hal_cortex.o
 .debug_macro   0x000169c6      0x29d ./system/src/stm32f1xx/stm32f1xx_hal_gpio.o
 .debug_macro   0x00016c63      0x251 ./system/src/stm32f1xx/stm32f1xx_hal_rcc.o
 .debug_macro   0x00016eb4      0x22e ./system/src/stm32f1xx/stm32f1xx_hal_uart.o
 .debug_macro   0x000170e2      0x11b ./system/src/newlib/_exit.o
 .debug_macro   0x000171fd      0x10e ./system/src/newlib/_exit.o
 .debug_macro   0x0001730b       0x86 ./system/src/newlib/_exit.o
 .debug_macro   0x00017391       0x10 ./system/src/newlib/_exit.o
 .debug_macro   0x000173a1       0x35 ./system/src/newlib/_exit.o
 .debug_macro   0x000173d6       0xd1 ./system/src/newlib/_sbrk.o
 .debug_macro   0x000174a7       0x19 ./system/src/newlib/_sbrk.o
 .debug_macro   0x000174c0      0x16d ./system/src/newlib/_sbrk.o
 .debug_macro   0x0001762d       0x10 ./system/src/newlib/_sbrk.o
 .debug_macro   0x0001763d      0x23b ./system/src/newlib/_sbrk.o
 .debug_macro   0x00017878       0xdb ./system/src/newlib/_startup.o
 .debug_macro   0x00017953      0x169 ./system/src/newlib/_syscalls.o
 .debug_macro   0x00017abc       0x1c ./system/src/newlib/_syscalls.o
 .debug_macro   0x00017ad8       0x10 ./system/src/newlib/_syscalls.o
 .debug_macro   0x00017ae8       0x10 ./system/src/newlib/_syscalls.o
 .debug_macro   0x00017af8       0x10 ./system/src/newlib/_syscalls.o
 .debug_macro   0x00017b08       0x35 ./system/src/newlib/_syscalls.o
 .debug_macro   0x00017b3d      0x120 ./system/src/newlib/_syscalls.o
 .debug_macro   0x00017c5d       0x22 ./system/src/newlib/_syscalls.o
 .debug_macro   0x00017c7f       0x2b ./system/src/newlib/_syscalls.o
 .debug_macro   0x00017caa      0x118 ./system/src/newlib/_syscalls.o
 .debug_macro   0x00017dc2      0x13a ./system/src/newlib/_syscalls.o
 .debug_macro   0x00017efc       0x16 ./system/src/newlib/_syscalls.o
 .debug_macro   0x00017f12      0x15a ./system/src/diag/Trace.o
 .debug_macro   0x0001806c       0x52 ./system/src/diag/Trace.o
 .debug_macro   0x000180be      0x283 ./system/src/diag/Trace.o
 .debug_macro   0x00018341       0x10 ./system/src/diag/Trace.o
 .debug_macro   0x00018351       0x1f ./system/src/diag/Trace.o
 .debug_macro   0x00018370      0x150 ./system/src/diag/trace_impl.o
 .debug_macro   0x000184c0       0x8a ./system/src/cortexm/_initialize_hardware.o
 .debug_macro   0x0001854a      0x1af ./system/src/cortexm/exception_handlers.o
 .debug_macro   0x000186f9       0x3a ./system/src/cortexm/exception_handlers.o
 .debug_macro   0x00018733       0x22 ./system/src/cortexm/exception_handlers.o
 .debug_macro   0x00018755       0x92 ./system/src/cmsis/system_stm32f1xx.o
 .debug_macro   0x000187e7      0x231 ./src/main.o
 .debug_macro   0x00018a18      0x22d ./src/stm32f1xx_hal_msp.o
 .debug_macro   0x00018c45      0x237 ./src/stm32f1xx_it.o
